[
  {
    "Description": "string",
    "DueDate": "2020-09-11T19:32:38.046Z",
    "ID": 1,
    "Number": 1,
    "State": "open",
    "Title": "string"
  }
]
